// Jest Snapshot v1, https://goo.gl/fbAQLP

exports[`Social Login Non registered user should able to login 1`] = `
"
    <!DOCTYPE html>
    <html>
        <title></title>
        <body>
            <div class=\\"container\\"></div>
            <script type=\\"text/javascript\\">
                var message = '{\\"status\\":\\"Success\\",}';
                (function(){
                    window.opener.onLogin(JSON.parse(message));
                })()
            </script>
        </body>
    </html>
    "
`;

exports[`Social Login Registered user should able to login 1`] = `
"
    <!DOCTYPE html>
    <html>
        <title></title>
        <body>
            <div class=\\"container\\"></div>
            <script type=\\"text/javascript\\">
                var message = '{\\"status\\":\\"Success\\",}';
                (function(){
                    window.opener.onLogin(JSON.parse(message));
                })()
            </script>
        </body>
    </html>
    "
`;
